// Jest Snapshot v1, https://goo.gl/fbAQLP

exports[`matches snapshot 1`] = `
<DocumentFragment>
  <div />
  <button>
    Remove Box
  </button>
</DocumentFragment>
`;
