// Jest Snapshot v1, https://goo.gl/fbAQLP

exports[`matches snapshot 1`] = `
<DocumentFragment>
  <form>
    <label
      for="color"
    >
      Color
    </label>
    <input
      id="color"
      name="color"
      placeholder="Enter the Box Color"
      type="text"
      value=""
    />
    <label
      for="height"
    >
      Box Height
    </label>
    <input
      id="height"
      name="height"
      placeholder="Bow Height"
      type="text"
      value=""
    />
    <label
      for="width"
    >
      Box Width
    </label>
    <input
      id="width"
      name="width"
      placeholder="Box Width"
      type="text"
      value=""
    />
    <button>
      Add Box
    </button>
  </form>
  <div
    class="BoxContainerDiv"
    style="border: 3px solid black; padding: 30px; margin: 30px;"
  />
</DocumentFragment>
`;
